src/components/quality-snapshot-cards.tsx(186,40): error TS6133: 'entry' is declared but its value is never read.
